3
1
0
cave.png
22
8
3
,,,,,,,,,,,,,,,,,,,,,,
,,39,47,47,47,47,47,47,37,,,39,47,47,47,47,47,47,37,,,
,39,67,70,70,70,70,70,,68,47,47,67,,,,63,,,68,37,,
,45,70,14,70,70,70,70,,,,,,,,,63,70,14,70,44,,
,45,70,70,70,70,70,,,,,,,,,,,63,70,70,44,,
,36,71,70,70,70,,,,69,46,46,71,,,,,,63,69,38,,
,,36,46,46,46,46,46,46,38,,,36,46,46,46,46,46,46,38,,,
,,,,,,,,,,,,,,,,,,,,,,
,,,,,,,,,,,,,,,,,,,,,,
,,,,,,,,,,,,,,,,,,,,,,
,,,,,,,,,,,,,,,,,,,,,,
,,,,,,,,,,,,,,,,,,,,,,
,,,,,,,,,,,,,,,,,,,,,,
,,,,,,,,,,,,,,,,,,,,,,
,,,,,,,,,,,,,,,,,,,,,,
,,,,,,,,,,,,,,,,,,,,,,
,0,0,0,0,0,0,0,0,0,0,0,0,0,0,0,0,0,0,0,0,,
0,0,3,,,,,,,4,0,0,3,,,,,,,4,0,0,
0,3,,,,,,,,,,,,,,,,,,,4,0,
0,,,,,,,,,,,,,,,,,,,,,0,
0,,,,,,,,,,,,,,,,,,,,,0,
0,1,,,,,,,,,,,,,,,,,,,2,0,
0,0,1,,,,,,,2,0,0,1,,,,,,,2,0,0,
,0,0,0,0,0,0,0,0,0,0,0,0,0,0,0,0,0,0,0,0,,
523
c1
c2
c5
c3
c4
colliderL0
colliderL1
colliderL2
colliderL3
lowCollider16
lowCollider0
lowCollider1
lowCollider2
lowCollider3
c13
c6
c7
c8
c9
c10
c11
c12
enemyWall
drownResetExclude
hookshotGrip
lowerLevelCollider
lowerLevelCollider1
lowerLevelCollider2
colliderLevel1
raftCollider
c1PushIgnore
oneWayBridge2
oneWayBridge0
break_collider_end
break_sprite_start
tree0
treeWoods
treeWoods2
tree1
tree2
tree3
tree4
tree5
stree
phonehouse
tree9
seashell_house
strandplant
strandshell
dungeonOneStatue
dungeonOneStatueKey
dungeonStatue
dungeonStatueGrey
dungeonStatueD7
caveFairyStatue
gravejardfence
desertpillar
phone
itemShop
armosStatue
armosDarkStatue
statueCastle
dungeon3Head
banana
npc_bag
statueD3
statueD3Key
statueMermaid
mountainStone
dungeon7_keyhole
overworldDonut
cave_table
cave_bed
vase_empty
vase_flower
painting
owl_statue
photohouse_light
castle_roof_0
castle_roof_1
castle_roof_2
castle_roof_3
castle_roof_4
castle_roof_5
roof01
roof02
roof03
roof04
roof05
roof06
d5_entry
witch_house
seashell_post
stairsCastle
stairsWoods
dungeon_stairs
dungeon_6_stairs
break_sprite_end
wave1
wave2
wave6
pondWoods
water1
wave3
wave4
wave5
water2
water3
water4
water5
waterFall
waterLeft
waterUp
waterRight
waterDown
flower
flowerforest
flowerforest2
flower2
flower3
sand1
sand2
sand3
2dPondWater
2dWaterDungeon
2dWaterDungeonDark
2dWater
2dWaterDungeon2
colorTileRed
colorTileGreen
colorTileBlue
break_tile_end
tower_background
final_stairs
final_background
final_windfish
final_fountain
final_background_stairs
fence
fenceUL
fenceU
fenceUR
fenceL
fenceR
fenceDL
fenceD
fenceDR
fenceTR
fenceTL
fenceBR
fenceBL
break_fence_end
overworldObject
door
door2d
doorEgg
lowFloor
water
waterDeep
eggTeleporter
stairs
teleporter
jump
jumpRaft
objectSpawner
objectRespawner
positionDialog
keysetter
keyConditionSetter
button
leaveButton
buttonTouch
buttonOrder
scriptBox
dialogBox
scriptOnTouch
itemDisabler
shadowDisabler
shadowSetter
candyGrabber
candyGrabberControls
shellHouse
swordSpawner
waterCurrent0
waterCurrent1
waterCurrent2
waterCurrent3
waterCurrentFast0
waterCurrentFast1
waterCurrentFast2
waterCurrentFast3
quicksand
rollband
rollbandEdge
animatorL
fog
break_real_stuff_start
destroyableStone
weatherBird
chest
item
itemTester
storeItem
signpost
signpostWoods
sign
pushDialog
pushKeySetter
hitKeySetter
shellHitSpawner
sideWaves
aquaticPlant
stoneSpawner
bush
bushForest
gras
gras0
gras1
gras2
gras3
grasForest
grasSwamp
gravestone
moveStone
moveStoneCave
moveStoneFrogHouse
moveStoneD3
leverStone
stone
stoneWoods
stoneSkull
pot
pot2
pot2D
d6Statue
castleDoor
cactus
overworldTeleporter
bridge
pullBridge
waterFallSpawner
book
bed
raft
break_dungeon_start
dungeon
upperLevel
upperLevel2
dungeonBlackRoom
roomDarkener
colorShift
dungeonKeyhole
enemytrigger
hitTrigger
killOrderTrigger
graveTrigger
objectHider
link2dspawner
dungeonLadder
dungeonLadderTop
dungeonPullLever
ddoor
dungeonEntrance
dungeonSixEntry
dungeon7_tower
mermaid_statue
destroyable_barrier
stoneWall
destroyableWallCave
destroyableWallColorDungeon
destroyableWallDungeon7
dungeonCrystal
caveCrystal
crystalD4
hardCrystal
caveBreakingFloor
caveBreakingFloor2
caveBreakingFloor3
dungeonHole
breakingFloorCastle
dungeon5BreakingFloor
dungeon2BreakingFloor
dungeon8BreakingFloor
breakingFloorHouse
dungeonBlacker
houseBlacker
caveBlacker
music
musicTiles
compassSound
shoreSound
dungeonFairy
dungeonBall
dungeonPillar
lava
lava2d
break_dungeon_start_real
light
caveLight
doorLight
dungeon2dLight
spriteLight
lamp
lamp2
torch_d2_2d
torch_d4_2d
torch_d6_2d
lamp_wall_0
lamp_wall_1
lamp_wall_2
lamp_wall_3
lamp_wall_house_0
lamp_wall_house_1
lamp_wall_house_2
lamp_wall_house_3
lamp_wall_dt_0
lamp_wall_dt_1
lamp_wall_dt_2
lamp_wall_dt_3
torch_d4
torch_d8
dungeonWall
dungeonWall3
dungeonWall3cracks
dungeon4Block
dungeon6Wall
dungeon7Wall
dungeon8Wall
dungeon8WallCracks
caveWallBottom
dungeonSwitch
dungeonOneWay
dungeonTeleporter
keyholeBlock
dungeonBarriere
dungeonBarriereOrange
dungeonBarriereRed
dungeonColorSwitch
break_dungeon_end
hole
visiblehole
fullHole
holeReset
holeTeleporter
doorEnding
boat
movingPlatform2D
chainPlatform
spikes2D
dungeonRollBand
dungeonOwl
dungeonHorseHead
colorJumpTile
spikes
iceBlock
break_hole_end
break_people_start
person
personNew
letterBoy
maria
mariaDisabler
grandmother
mariaDungeonEntry
owl
fisherman
alligator
raccoon
shopkeeper
tracy
mamu
manbo
walrus
walrusSwim
mermaid
ghost
lostBoy
photoMouse
chickenDude
painter
hippo
trendy
BowWow
npcMonkey
bobWowSmall
bird
cock
letterBird
letterBirdGreen
dogo
mouse
frog
butterfly
fairy
npcBat
npcColorDungeon
honeycomb
tarinZZZ
fish_small
fish_big
fishing_link
ballGame
ballChildrenAttacked
break_people_end
break_enemies_start
enemy_respawner
e1
e2
e_wingedOctorok
e3
e4
e5
moblinSword
shroudedStalfos
stalfosKnight
e19
e_moblinPigSword
e_darknutSpear
e_darknut
e_wallKnight
e_madBomber
e6
e8
e9
e15
e7
e10
e11
e_antiFairy
e12
polsVoice
e_dungeonGhost
e_bomber
e_pokey
e_spinyBeetle
e_tektite
e13
stalfosGreen
e_armos
e_Vacuum
e_bombite
e_bombiteGreen
e16
e17
e18
e20
e_raven
e21
e_giantGhini
zombie
zombieSpawner
e23
e_Beetle
e_BeetleSpawner
spikedBeetle
goponga_flower
goponga_flower_giant
e_fish
cardboy
monkey
torchTrap
e_pairodd
maskMimic
e_ArmMimic
e_waterTektite
e_peahat
e_ironMask
e_star
e_flyingTile
e_wizzrobe
e_beamos
e_camoGoblin
e_bonePutter
e_karakoro
e_gibdo
e_antiKirby
e_vire
e_rope
e_flameFountain
e_floorLayer
e_rockSpawner
e_anglerFry
break_enemies_end
break_2d_start
e14
e_CheepCheep
e_Bloober
e_giantBubble
e_thwimp
e_PiranhaPlant
e_MegaThwomp
e_SpikedThwomp
e_Podoboo
break_2d_end
break_mbosses_start
mb1
mb_king_moblin
mb_hinox
mb_BallAndChainSoldier
mb_dodongo_snake
mb_desert_lanmola
mb_cue_ball
mb_MasterStalfos
mb_Gohma
mb_ArmosKnight
mb_Smasher
mb_StoneHinox
mb_GiantBuzzBlob
mb_GrimCreeper
mb_TurtleRock
mb_Blaino
break_mbosses_end
break_nightmare_start
nightmare-moldorm
nightmare_genie
nightmare_slime_eye
nightmare_angler_fish
nightmare_slime_eel
facade
nightmare_HardhitBeetle
nightmare_EvilEagle
nightmare_HotHead
nightmare
135
0;16;48;;;
0;16;64;;;
0;32;32;;;
0;32;80;;;
0;48;16;;;
0;48;96;;;
0;64;16;;;
0;64;96;;;
0;80;16;;;
0;80;96;;;
0;96;16;;;
0;96;96;;;
0;112;16;;;
0;112;96;;;
0;128;16;;;
0;128;96;;;
0;144;32;;;
0;144;80;;;
0;160;32;;;
0;160;80;;;
0;176;32;;;
0;176;80;;;
0;192;32;;;
0;192;80;;;
0;208;16;;;
0;208;96;;;
0;224;16;;;
0;224;96;;;
0;240;16;;;
0;240;96;;;
0;256;16;;;
0;256;96;;;
0;272;16;;;
0;272;96;;;
0;288;16;;;
0;288;96;;;
0;304;32;;;
0;304;80;;;
0;320;48;;;
0;320;64;;;
286;-24;0;;;;
298;48;48;;;;;;
298;288;48;;;;;;
153;48;48;;;cave9left;overworld.map;cave9left;;1;
153;288;48;;;cave9right;overworld.map;cave9right;;1;
457;112;64
457;240;48
457;256;80
22;80;80;;;;
22;96;64;;;;
22;112;32;;;;
22;112;48;;;;
22;176;48;;;;
22;176;64;;;;
22;256;32;;;;
22;256;48;;;;
22;272;64;;;;
22;288;80;;;;
274;256;32;;;;
274;256;48;;;;
274;272;64;;;;
274;288;80;;;;
307;64;16;;;;;
307;112;16;;;;;
307;224;16;;;;;
307;272;16;;;;;
309;64;96;;;;;
309;112;96;;;;;
309;224;96;;;;;
309;272;96;;;;;
287;-24;24;37
157;96;80;
157;112;64;
157;112;80;
157;128;32;
157;128;48;
157;128;64;
157;128;80;
157;144;48;
157;144;64;
157;160;48;
157;160;64;
157;176;48;
157;176;64;
157;192;48;
157;208;32;
157;208;48;
157;224;32;
157;224;48;
157;240;32;
157;240;48;
157;240;64;
157;256;64;
157;256;80;
157;272;32;
157;272;80;
157;288;32;
108;96;80;;;;;;
108;112;64;;;;;;
108;112;80;;;;;;
108;128;32;;;;;;
108;128;48;;;;;;
108;128;64;;;;;;
108;128;80;;;;;;
108;144;48;;;;;;
108;144;64;;;;;;
108;160;48;;;;;;
108;160;64;;;;;;
108;176;48;;;;;;
108;176;64;;;;;;
108;192;48;;;;;;
108;208;32;;;;;;
108;208;48;;;;;;
108;224;32;;;;;;
108;224;48;;;;;;
108;240;32;;;;;;
108;240;48;;;;;;
108;240;64;;;;;;
108;256;64;;;;;;
108;256;80;;;;;;
108;272;32;;;;;;
108;272;80;;;;;;
108;288;32;;;;;;
109;192;64;;;;;;
109;208;64;;;;;;
109;208;80;;;;;;
109;224;64;;;;;;
109;224;80;;;;;;
109;240;80;;;;;;
158;192;64
158;208;64
158;208;80
158;224;64
158;224;80
158;240;80
